[meow-erc.online/index.html]
[backblue.gif]
[fade.gif]
[index.html]
[meow-erc.online/apple-touch-icon.png]
[meow-erc.online/images/dog1.png]
[meow-erc.online/css/normalize.css]
[meow-erc.online/css/components.css]
[meow-erc.online/css/dog.css]
[meow-erc.online/meow.7.delayed]
[meow-erc.online/images/dogheader.png]
[meow-erc.online/images/bone1.png]
[meow-erc.online/images/poop.png]
[meow-erc.online/images/dog2.png]
[meow-erc.online/d3e54v103j8qbb.cloudfront.net/js/jquery-3.5.1.min.dc5e7f18c8da1d.dda1d.delayed]
[meow-erc.online/js/dog.js]
[meow-erc.online/ajax.googleapis.com/ajax/libs/webfont/1.6.26/webfont.f.delayed]
[meow-erc.online/cdn.jsdelivr.net/npm/@finsweet/attributes-copyclip@1/copyclip.10.delayed]
[meow-erc.online/index.html]
[meow-erc.online/site.html]
[meow-erc.online/css/normalize.css]
[meow-erc.online/css/components.css]
[meow-erc.online/css/dog.css]
[meow-erc.online/images/favicon.html]
[meow-erc.online/meow.html]
[meow-erc.online/images/arrowsd.svg]
[meow-erc.online/d3e54v103j8qbb.cloudfront.net/js/jquery-3.5.1.min.dc5e7f18c8da1dda1d.html]
[meow-erc.online/ajax.googleapis.com/ajax/libs/webfont/1.6.26/webfont.html]
[meow-erc.online/cdn.jsdelivr.net/npm/@finsweet/attributes-copyclip@1/copyclip.html]
[meow-erc.online/fonts/BackIssuesBB_reg.woff]
